
Allocating common symbols
Common symbol       size              file

intr_name           0x84              build/interrupt.o
idt_table           0x84              build/interrupt.o
out_sum             0x4               build/main.o

Discarded input sections

 .note.GNU-stack
                0x0000000000000000        0x0 build/main.o
 .note.GNU-stack
                0x0000000000000000        0x0 build/init.o
 .note.GNU-stack
                0x0000000000000000        0x0 build/interrupt.o
 .note.GNU-stack
                0x0000000000000000        0x0 build/timer.o
 .note.GNU-stack
                0x0000000000000000        0x0 build/debug.o

Memory Configuration

Name             Origin             Length             Attributes
*default*        0x0000000000000000 0xffffffffffffffff

Linker script and memory map

Address of section .text set to 0xc0001500
LOAD build/main.o
LOAD build/init.o
LOAD build/interrupt.o
LOAD build/timer.o
LOAD build/kernel.o
LOAD build/print.o
LOAD build/debug.o
                0x0000000008048000                PROVIDE (__executable_start, 0x8048000)
                0x0000000008048094                . = (0x8048000 + SIZEOF_HEADERS)

.interp
 *(.interp)

.note.gnu.build-id
 *(.note.gnu.build-id)

.hash
 *(.hash)

.gnu.hash
 *(.gnu.hash)

.dynsym
 *(.dynsym)

.dynstr
 *(.dynstr)

.gnu.version
 *(.gnu.version)

.gnu.version_d
 *(.gnu.version_d)

.gnu.version_r
 *(.gnu.version_r)

.rel.dyn        0x0000000008048094        0x0
 *(.rel.init)
 *(.rel.text .rel.text.* .rel.gnu.linkonce.t.*)
 .rel.text      0x0000000000000000        0x0 build/main.o
 *(.rel.fini)
 *(.rel.rodata .rel.rodata.* .rel.gnu.linkonce.r.*)
 *(.rel.data.rel.ro* .rel.gnu.linkonce.d.rel.ro.*)
 *(.rel.data .rel.data.* .rel.gnu.linkonce.d.*)
 *(.rel.tdata .rel.tdata.* .rel.gnu.linkonce.td.*)
 *(.rel.tbss .rel.tbss.* .rel.gnu.linkonce.tb.*)
 *(.rel.ctors)
 *(.rel.dtors)
 *(.rel.got)
 *(.rel.sharable_data .rel.sharable_data.* .rel.gnu.linkonce.shrd.*)
 *(.rel.sharable_bss .rel.sharable_bss.* .rel.gnu.linkonce.shrb.*)
 *(.rel.bss .rel.bss.* .rel.gnu.linkonce.b.*)
 *(.rel.ifunc)

.rel.plt        0x0000000008048094        0x0
 *(.rel.plt)
                0x0000000008048094                PROVIDE (__rel_iplt_start, .)
 *(.rel.iplt)
 .rel.iplt      0x0000000000000000        0x0 build/main.o
                0x0000000008048094                PROVIDE (__rel_iplt_end, .)

.init
 *(.init)

.plt            0x0000000008048094        0x0
 *(.plt)
 *(.iplt)
 .iplt          0x0000000000000000        0x0 build/main.o

.text           0x00000000c0001500      0xb99
 *(.text.unlikely .text.*_unlikely)
 *(.text .stub .text.* .gnu.linkonce.t.*)
 .text          0x00000000c0001500       0x40 build/main.o
                0x00000000c0001500                main
 .text          0x00000000c0001540       0x1e build/init.o
                0x00000000c0001540                init_all
 *fill*         0x00000000c000155e        0x2 90909090
 .text          0x00000000c0001560      0x3b7 build/interrupt.o
                0x00000000c0001826                idt_init
                0x00000000c0001884                intr_get_status
                0x00000000c00018a7                intr_set_status
                0x00000000c00018c5                intr_enable
                0x00000000c00018ee                intr_disable
 *fill*         0x00000000c0001917        0x1 90909090
 .text          0x00000000c0001918      0x100 build/timer.o
                0x00000000c00019cc                timer_init
 *fill*         0x00000000c0001a18        0x8 90909090
 .text          0x00000000c0001a20      0x44a build/kernel.o
                0x00000000c0001a20                intr_exit
 *fill*         0x00000000c0001e6a        0x6 90909090
 .text          0x00000000c0001e70      0x184 build/print.o
                0x00000000c0001e78                put_int
                0x00000000c0001ef9                put_str
                0x00000000c0001f1d                put_char
 .text          0x00000000c0001ff4       0xa5 build/debug.o
                0x00000000c0001ff4                panic_spin
 *(.gnu.warning)

.fini
 *(.fini)
                0x00000000c0002099                PROVIDE (__etext, .)
                0x00000000c0002099                PROVIDE (_etext, .)
                0x00000000c0002099                PROVIDE (etext, .)

.rodata         0x00000000c000209c      0x2f7
 *(.rodata .rodata.* .gnu.linkonce.r.*)
 .rodata        0x00000000c000209c       0x25 build/main.o
 .rodata        0x00000000c00020c1        0xa build/init.o
 *fill*         0x00000000c00020cb        0x1 00
 .rodata        0x00000000c00020cc      0x265 build/interrupt.o
 .rodata        0x00000000c0002331       0x23 build/timer.o
 .rodata        0x00000000c0002354       0x3f build/debug.o

.rodata1
 *(.rodata1)

.eh_frame_hdr
 *(.eh_frame_hdr)

.eh_frame
 *(.eh_frame)

.gcc_except_table
 *(.gcc_except_table .gcc_except_table.*)
                0x00000000c0002393                . = (ALIGN (0x1000) - ((0x1000 - .) & 0xfff))
                0x00000000c0003393                . = (0x1000 DATA_SEGMENT_ALIGN 0x1000)

.eh_frame
 *(.eh_frame)

.gcc_except_table
 *(.gcc_except_table .gcc_except_table.*)

.tdata
 *(.tdata .tdata.* .gnu.linkonce.td.*)

.tbss
 *(.tbss .tbss.* .gnu.linkonce.tb.*)
 *(.tcommon)

.preinit_array  0x00000000c0003393        0x0
                0x00000000c0003393                PROVIDE (__preinit_array_start, .)
 *(.preinit_array)
                0x00000000c0003393                PROVIDE (__preinit_array_end, .)

.init_array     0x00000000c0003393        0x0
                0x00000000c0003393                PROVIDE (__init_array_start, .)
 *(SORT(.init_array.*))
 *(.init_array)
                0x00000000c0003393                PROVIDE (__init_array_end, .)

.fini_array     0x00000000c0003393        0x0
                0x00000000c0003393                PROVIDE (__fini_array_start, .)
 *(.fini_array)
 *(SORT(.fini_array.*))
                0x00000000c0003393                PROVIDE (__fini_array_end, .)

.ctors
 *crtbegin.o(.ctors)
 *crtbegin?.o(.ctors)
 *(EXCLUDE_FILE(*crtend?.o *crtend.o) .ctors)
 *(SORT(.ctors.*))
 *(.ctors)

.dtors
 *crtbegin.o(.dtors)
 *crtbegin?.o(.dtors)
 *(EXCLUDE_FILE(*crtend?.o *crtend.o) .dtors)
 *(SORT(.dtors.*))
 *(.dtors)

.jcr
 *(.jcr)

.data.rel.ro
 *(.data.rel.ro.local* .gnu.linkonce.d.rel.ro.local.*)
 *(.data.rel.ro* .gnu.linkonce.d.rel.ro.*)

.dynamic
 *(.dynamic)

.got
 *(.got)
 *(.igot)
                0x00000000c0003393                . = (. DATA_SEGMENT_RELRO_END 0xc)

.got.plt        0x00000000c0003394        0x0 load address 0x00000000c0003393
 *(.got.plt)
 *(.igot.plt)
 .igot.plt      0x0000000000000000        0x0 build/main.o

.data           0x00000000c0003394       0x8c
 *(.data .data.* .gnu.linkonce.d.*)
 .data          0x00000000c0003394        0x8 build/main.o
                0x00000000c0003394                in_a
                0x00000000c0003398                in_b
 .data          0x00000000c000339c        0x0 build/init.o
 .data          0x00000000c000339c        0x0 build/interrupt.o
 .data          0x00000000c000339c        0x0 build/timer.o
 .data          0x00000000c000339c       0x84 build/kernel.o
                0x00000000c000339c                intr_entry_table
 .data          0x00000000c0003420        0x0 build/debug.o

.data1
 *(.data1)

.sharable_data  0x00000000c0004000        0x0
                0x00000000c0004000                PROVIDE (__sharable_data_start, .)
 *(.sharable_data .sharable_data.* .gnu.linkonce.shrd.*)
                0x00000000c0004000                . = ALIGN ((. != 0x0)?0x1000:0x1)
                0x00000000c0004000                PROVIDE (__sharable_data_end, .)
                0x00000000c0004000                _edata = .
                0x00000000c0004000                PROVIDE (edata, .)
                0x00000000c0004000                __bss_start = .

.bss            0x00000000c0003420      0x244
 *(.dynbss)
 *(.bss .bss.* .gnu.linkonce.b.*)
 .bss           0x00000000c0003420        0x0 build/main.o
 .bss           0x00000000c0003420        0x0 build/init.o
 .bss           0x00000000c0003420      0x108 build/interrupt.o
 .bss           0x00000000c0003528        0x0 build/timer.o
 .bss           0x00000000c0003528        0x0 build/debug.o
 *(COMMON)
 COMMON         0x00000000c0003528        0x4 build/main.o
                0x00000000c0003528                out_sum
 *fill*         0x00000000c000352c       0x14 00
 COMMON         0x00000000c0003540      0x124 build/interrupt.o
                0x00000000c0003540                intr_name
                0x00000000c00035e0                idt_table
                0x00000000c0003664                . = ALIGN ((. != 0x0)?0x4:0x1)

.sharable_bss   0x00000000c0004000        0x0
                0x00000000c0004000                PROVIDE (__sharable_bss_start, .)
 *(.dynsharablebss)
 *(.sharable_bss .sharable_bss.* .gnu.linkonce.shrb.*)
 *(SHARABLE_COMMON)
                0x00000000c0004000                . = ALIGN ((. != 0x0)?0x1000:0x1)
                0x00000000c0004000                PROVIDE (__sharable_bss_end, .)
                0x00000000c0004000                . = ALIGN (0x4)
                0x00000000c0004000                . = ALIGN (0x4)
                0x00000000c0004000                _end = .
                0x00000000c0004000                PROVIDE (end, .)
                0x00000000c0004000                . = DATA_SEGMENT_END (.)

.stab
 *(.stab)

.stabstr
 *(.stabstr)

.stab.excl
 *(.stab.excl)

.stab.exclstr
 *(.stab.exclstr)

.stab.index
 *(.stab.index)

.stab.indexstr
 *(.stab.indexstr)

.comment        0x0000000000000000       0x2d
 *(.comment)
 .comment       0x0000000000000000       0x2d build/main.o
                                         0x2e (size before relaxing)
 .comment       0x0000000000000000       0x2e build/init.o
 .comment       0x0000000000000000       0x2e build/interrupt.o
 .comment       0x0000000000000000       0x2e build/timer.o
 .comment       0x0000000000000000       0x2e build/debug.o

.debug
 *(.debug)

.line
 *(.line)

.debug_srcinfo
 *(.debug_srcinfo)

.debug_sfnames
 *(.debug_sfnames)

.debug_aranges
 *(.debug_aranges)

.debug_pubnames
 *(.debug_pubnames)

.debug_info
 *(.debug_info .gnu.linkonce.wi.*)

.debug_abbrev
 *(.debug_abbrev)

.debug_line
 *(.debug_line)

.debug_frame
 *(.debug_frame)

.debug_str
 *(.debug_str)

.debug_loc
 *(.debug_loc)

.debug_macinfo
 *(.debug_macinfo)

.debug_weaknames
 *(.debug_weaknames)

.debug_funcnames
 *(.debug_funcnames)

.debug_typenames
 *(.debug_typenames)

.debug_varnames
 *(.debug_varnames)

.debug_pubtypes
 *(.debug_pubtypes)

.debug_ranges
 *(.debug_ranges)

.gnu.attributes
 *(.gnu.attributes)

/DISCARD/
 *(.note.GNU-stack)
 *(.gnu_debuglink)
 *(.gnu.lto_*)
OUTPUT(build/kernel.bin elf32-i386)
